src/app/(dashboard)/dashboard/events/[eventId]/reports/page.tsx(33,39): error TS2769: No overload matches this call.
  Overload 1 of 4, '(value: string | number | Date): Date', gave the following error.
    Argument of type '{}' is not assignable to parameter of type 'string | number | Date'.
  Overload 2 of 4, '(value: string | number): Date', gave the following error.
    Argument of type '{}' is not assignable to parameter of type 'string | number'.
src/server/trpc/routers/sentEmails.ts(61,9): error TS2322: Type 'string | null' is not assignable to type 'string'.
  Type 'null' is not assignable to type 'string'.
temp/script.ts(2,20): error TS2307: Cannot find module './src/server/db' or its corresponding type declarations.
temp/script.ts(4,30): error TS7016: Could not find a declaration file for module 'uuid'. 'C:/Users/cactu/OneDrive/Desktop/app/Guest Manager/node_modules/uuid/dist/esm-browser/index.js' implicitly has an 'any' type.
  Try `npm i --save-dev @types/uuid` if it exists or add a new declaration (.d.ts) file containing `declare module 'uuid';`
temp/test-db.ts(1,23): error TS2307: Cannot find module './src/server/db' or its corresponding type declarations.
temp/test-db.ts(2,24): error TS2307: Cannot find module './src/server/db/schema' or its corresponding type declarations.
test-summary-new-queries.ts(41,46): error TS2339: Property 'rows' does not exist on type 'RowList<Record<string, unknown>[]>'.
